server/converter.ts(14,7): error TS2339: Property 'convertAsync' does not exist on type 'typeof import("libreoffice-convert")'.
server/converter.ts(18,10): error TS2339: Property 'uploadsDir' does not exist on type 'DocumentConverter'.
server/converter.ts(19,10): error TS2339: Property 'convertedDir' does not exist on type 'DocumentConverter'.
server/converter.ts(20,10): error TS2339: Property 'openai' does not exist on type 'DocumentConverter'.
server/converter.ts(24,17): error TS7006: Parameter 'inputPath' implicitly has an 'any' type.
server/converter.ts(24,28): error TS7006: Parameter 'conversionType' implicitly has an 'any' type.
server/converter.ts(24,44): error TS7006: Parameter 'originalFilename' implicitly has an 'any' type.
server/converter.ts(24,62): error TS7006: Parameter 'additionalFiles' implicitly has an 'any' type.
server/converter.ts(63,19): error TS7006: Parameter 'dir' implicitly has an 'any' type.
server/converter.ts(71,17): error TS7006: Parameter 'filePath' implicitly has an 'any' type.
server/converter.ts(81,20): error TS7006: Parameter 'imagePath' implicitly has an 'any' type.
server/converter.ts(81,31): error TS7006: Parameter 'baseName' implicitly has an 'any' type.
server/converter.ts(82,31): error TS2339: Property 'convertedDir' does not exist on type 'DocumentConverter'.
server/converter.ts(83,39): error TS2339: Property 'convertedDir' does not exist on type 'DocumentConverter'.
server/converter.ts(97,20): error TS7006: Parameter 'pdfPath' implicitly has an 'any' type.
server/converter.ts(97,29): error TS7006: Parameter 'baseName' implicitly has an 'any' type.
server/converter.ts(97,39): error TS7006: Parameter 'ext' implicitly has an 'any' type.
server/converter.ts(98,31): error TS2339: Property 'convertedDir' does not exist on type 'DocumentConverter'.
server/converter.ts(99,35): error TS2339: Property 'convertedDir' does not exist on type 'DocumentConverter'.
server/converter.ts(113,21): error TS7006: Parameter 'inputPath' implicitly has an 'any' type.
server/converter.ts(113,32): error TS7006: Parameter 'baseName' implicitly has an 'any' type.
server/converter.ts(114,31): error TS2339: Property 'convertedDir' does not exist on type 'DocumentConverter'.
server/converter.ts(115,39): error TS2339: Property 'convertedDir' does not exist on type 'DocumentConverter'.
server/converter.ts(117,32): error TS2339: Property 'convertAsync' does not exist on type 'typeof import("libreoffice-convert")'.
server/converter.ts(123,19): error TS7006: Parameter 'pdfPath' implicitly has an 'any' type.
server/converter.ts(123,28): error TS7006: Parameter 'baseName' implicitly has an 'any' type.
server/converter.ts(124,31): error TS2339: Property 'convertedDir' does not exist on type 'DocumentConverter'.
server/converter.ts(125,39): error TS2339: Property 'convertedDir' does not exist on type 'DocumentConverter'.
server/converter.ts(156,21): error TS7006: Parameter 'pdfPath' implicitly has an 'any' type.
server/converter.ts(156,30): error TS7006: Parameter 'baseName' implicitly has an 'any' type.
server/converter.ts(157,31): error TS2339: Property 'convertedDir' does not exist on type 'DocumentConverter'.
server/converter.ts(158,39): error TS2339: Property 'convertedDir' does not exist on type 'DocumentConverter'.
server/converter.ts(166,19): error TS7006: Parameter 'files' implicitly has an 'any' type.
server/converter.ts(166,26): error TS7006: Parameter 'baseName' implicitly has an 'any' type.
server/converter.ts(167,31): error TS2339: Property 'convertedDir' does not exist on type 'DocumentConverter'.
server/converter.ts(168,39): error TS2339: Property 'convertedDir' does not exist on type 'DocumentConverter'.
server/converter.ts(181,24): error TS7006: Parameter 'pdfPath' implicitly has an 'any' type.
server/converter.ts(201,18): error TS7006: Parameter 'pdfPath' implicitly has an 'any' type.
server/converter.ts(201,27): error TS7006: Parameter 'baseName' implicitly has an 'any' type.
server/converter.ts(202,31): error TS2339: Property 'convertedDir' does not exist on type 'DocumentConverter'.
server/converter.ts(209,34): error TS2339: Property 'convertedDir' does not exist on type 'DocumentConverter'.
server/converter.ts(217,26): error TS7006: Parameter 'pdfPath' implicitly has an 'any' type.
server/converter.ts(217,35): error TS7006: Parameter 'baseName' implicitly has an 'any' type.
server/converter.ts(218,31): error TS2339: Property 'convertedDir' does not exist on type 'DocumentConverter'.
server/converter.ts(224,32): error TS2495: Type '{ Annots: PDFArray; Resources: PDFDict; Contents: PDFArray | undefined; Font: PDFDict; XObject: PDFDict; ExtGState: PDFDict; }' is not an array type or a string type.
server/converter.ts(228,38): error TS2339: Property 'convertedDir' does not exist on type 'DocumentConverter'.
server/converter.ts(239,20): error TS7006: Parameter 'inputPath' implicitly has an 'any' type.
server/converter.ts(239,31): error TS7006: Parameter 'baseName' implicitly has an 'any' type.
server/converter.ts(240,31): error TS2339: Property 'convertedDir' does not exist on type 'DocumentConverter'.
server/converter.ts(244,20): error TS2339: Property 'loadLanguage' does not exist on type 'Worker'.
server/converter.ts(245,20): error TS2551: Property 'initialize' does not exist on type 'Worker'. Did you mean 'reinitialize'?
server/converter.ts(248,34): error TS2339: Property 'convertedDir' does not exist on type 'DocumentConverter'.
server/converter.ts(256,26): error TS7006: Parameter 'pdfPath' implicitly has an 'any' type.
server/converter.ts(256,35): error TS7006: Parameter 'baseName' implicitly has an 'any' type.
server/converter.ts(262,22): error TS7006: Parameter 'pdfPath' implicitly has an 'any' type.
server/converter.ts(262,31): error TS7006: Parameter 'baseName' implicitly has an 'any' type.
server/converter.ts(269,33): error TS2339: Property 'openai' does not exist on type 'DocumentConverter'.
server/converter.ts(275,32): error TS2339: Property 'convertedDir' does not exist on type 'DocumentConverter'.
server/converter.ts(281,25): error TS7006: Parameter 'pdfPath' implicitly has an 'any' type.
server/converter.ts(288,33): error TS2339: Property 'openai' does not exist on type 'DocumentConverter'.
server/index.ts(11,9): error TS2339: Property 'rawBody' does not exist on type 'IncomingMessage'.
server/index.ts(50,14): error TS7006: Parameter 'err' implicitly has an 'any' type.
server/index.ts(50,19): error TS7006: Parameter '_req' implicitly has an 'any' type.
server/index.ts(50,25): error TS7006: Parameter 'res' implicitly has an 'any' type.
server/index.ts(50,30): error TS7006: Parameter '_next' implicitly has an 'any' type.
server/routes.ts(48,31): error TS7006: Parameter 'app' implicitly has an 'any' type.
server/routes.ts(49,57): error TS7006: Parameter 'req' implicitly has an 'any' type.
server/routes.ts(49,62): error TS7006: Parameter 'res' implicitly has an 'any' type.
server/routes.ts(78,35): error TS7006: Parameter 'req' implicitly has an 'any' type.
server/routes.ts(78,40): error TS7006: Parameter 'res' implicitly has an 'any' type.
server/routes.ts(97,42): error TS2554: Expected 4 arguments, but got 3.
server/routes.ts(114,42): error TS7006: Parameter 'req' implicitly has an 'any' type.
server/routes.ts(114,47): error TS7006: Parameter 'res' implicitly has an 'any' type.
server/routes.ts(127,53): error TS7006: Parameter 'err' implicitly has an 'any' type.
server/routes.ts(146,37): error TS7006: Parameter 'req' implicitly has an 'any' type.
server/routes.ts(146,42): error TS7006: Parameter 'res' implicitly has an 'any' type.
server/storage.ts(6,10): error TS2551: Property 'conversionJobs' does not exist on type 'MemStorage'. Did you mean 'getConversionJob'?
server/storage.ts(9,26): error TS7006: Parameter 'id' implicitly has an 'any' type.
server/storage.ts(10,17): error TS2551: Property 'conversionJobs' does not exist on type 'MemStorage'. Did you mean 'getConversionJob'?
server/storage.ts(13,29): error TS7006: Parameter 'insertJob' implicitly has an 'any' type.
server/storage.ts(26,10): error TS2551: Property 'conversionJobs' does not exist on type 'MemStorage'. Did you mean 'getConversionJob'?
server/storage.ts(30,29): error TS7006: Parameter 'id' implicitly has an 'any' type.
server/storage.ts(30,33): error TS7006: Parameter 'updates' implicitly has an 'any' type.
server/storage.ts(31,22): error TS2551: Property 'conversionJobs' does not exist on type 'MemStorage'. Did you mean 'getConversionJob'?
server/storage.ts(34,10): error TS2551: Property 'conversionJobs' does not exist on type 'MemStorage'. Did you mean 'getConversionJob'?
server/storage.ts(38,29): error TS7006: Parameter 'id' implicitly has an 'any' type.
server/storage.ts(39,10): error TS2551: Property 'conversionJobs' does not exist on type 'MemStorage'. Did you mean 'getConversionJob'?
