server/converter.ts(21,10): error TS2339: Property 'uploadsDir' does not exist on type 'DocumentConverter'.
server/converter.ts(22,10): error TS2339: Property 'convertedDir' does not exist on type 'DocumentConverter'.
server/converter.ts(23,10): error TS2339: Property 'openai' does not exist on type 'DocumentConverter'.
server/converter.ts(27,17): error TS7006: Parameter 'inputPath' implicitly has an 'any' type.
server/converter.ts(27,28): error TS7006: Parameter 'conversionType' implicitly has an 'any' type.
server/converter.ts(27,44): error TS7006: Parameter 'originalFilename' implicitly has an 'any' type.
server/converter.ts(27,62): error TS7006: Parameter 'additionalFiles' implicitly has an 'any' type.
server/converter.ts(66,19): error TS7006: Parameter 'dir' implicitly has an 'any' type.
server/converter.ts(74,17): error TS7006: Parameter 'filePath' implicitly has an 'any' type.
server/converter.ts(84,20): error TS7006: Parameter 'imagePath' implicitly has an 'any' type.
server/converter.ts(84,31): error TS7006: Parameter 'baseName' implicitly has an 'any' type.
server/converter.ts(85,31): error TS2339: Property 'convertedDir' does not exist on type 'DocumentConverter'.
server/converter.ts(86,39): error TS2339: Property 'convertedDir' does not exist on type 'DocumentConverter'.
server/converter.ts(100,20): error TS7006: Parameter 'pdfPath' implicitly has an 'any' type.
server/converter.ts(100,29): error TS7006: Parameter 'baseName' implicitly has an 'any' type.
server/converter.ts(100,39): error TS7006: Parameter 'ext' implicitly has an 'any' type.
server/converter.ts(101,31): error TS2339: Property 'convertedDir' does not exist on type 'DocumentConverter'.
server/converter.ts(102,35): error TS2339: Property 'convertedDir' does not exist on type 'DocumentConverter'.
server/converter.ts(116,21): error TS7006: Parameter 'inputPath' implicitly has an 'any' type.
server/converter.ts(116,32): error TS7006: Parameter 'baseName' implicitly has an 'any' type.
server/converter.ts(117,31): error TS2339: Property 'convertedDir' does not exist on type 'DocumentConverter'.
server/converter.ts(118,39): error TS2339: Property 'convertedDir' does not exist on type 'DocumentConverter'.
server/converter.ts(126,19): error TS7006: Parameter 'pdfPath' implicitly has an 'any' type.
server/converter.ts(126,28): error TS7006: Parameter 'baseName' implicitly has an 'any' type.
server/converter.ts(127,31): error TS2339: Property 'convertedDir' does not exist on type 'DocumentConverter'.
server/converter.ts(128,39): error TS2339: Property 'convertedDir' does not exist on type 'DocumentConverter'.
server/converter.ts(139,50): error TS7006: Parameter 'p' implicitly has an 'any' type.
server/converter.ts(144,36): error TS7006: Parameter 'paraText' implicitly has an 'any' type.
server/converter.ts(159,21): error TS7006: Parameter 'pdfPath' implicitly has an 'any' type.
server/converter.ts(159,30): error TS7006: Parameter 'baseName' implicitly has an 'any' type.
server/converter.ts(160,31): error TS2339: Property 'convertedDir' does not exist on type 'DocumentConverter'.
server/converter.ts(161,39): error TS2339: Property 'convertedDir' does not exist on type 'DocumentConverter'.
server/converter.ts(169,19): error TS7006: Parameter 'files' implicitly has an 'any' type.
server/converter.ts(169,26): error TS7006: Parameter 'baseName' implicitly has an 'any' type.
server/converter.ts(170,31): error TS2339: Property 'convertedDir' does not exist on type 'DocumentConverter'.
server/converter.ts(171,39): error TS2339: Property 'convertedDir' does not exist on type 'DocumentConverter'.
server/converter.ts(184,24): error TS7006: Parameter 'pdfPath' implicitly has an 'any' type.
server/converter.ts(203,18): error TS7006: Parameter 'pdfPath' implicitly has an 'any' type.
server/converter.ts(203,27): error TS7006: Parameter 'baseName' implicitly has an 'any' type.
server/converter.ts(204,31): error TS2339: Property 'convertedDir' does not exist on type 'DocumentConverter'.
server/converter.ts(211,34): error TS2339: Property 'convertedDir' does not exist on type 'DocumentConverter'.
server/converter.ts(219,26): error TS7006: Parameter 'pdfPath' implicitly has an 'any' type.
server/converter.ts(219,35): error TS7006: Parameter 'baseName' implicitly has an 'any' type.
server/converter.ts(220,31): error TS2339: Property 'convertedDir' does not exist on type 'DocumentConverter'.
server/converter.ts(226,32): error TS2495: Type '{ Annots: PDFArray; Resources: PDFDict; Contents: PDFArray | undefined; Font: PDFDict; XObject: PDFDict; ExtGState: PDFDict; }' is not an array type or a string type.
server/converter.ts(230,38): error TS2339: Property 'convertedDir' does not exist on type 'DocumentConverter'.
server/converter.ts(241,20): error TS7006: Parameter 'inputPath' implicitly has an 'any' type.
server/converter.ts(241,31): error TS7006: Parameter 'baseName' implicitly has an 'any' type.
server/converter.ts(242,31): error TS2339: Property 'convertedDir' does not exist on type 'DocumentConverter'.
server/converter.ts(246,20): error TS2339: Property 'loadLanguage' does not exist on type 'Worker'.
server/converter.ts(247,20): error TS2551: Property 'initialize' does not exist on type 'Worker'. Did you mean 'reinitialize'?
server/converter.ts(250,34): error TS2339: Property 'convertedDir' does not exist on type 'DocumentConverter'.
server/converter.ts(258,26): error TS7006: Parameter 'pdfPath' implicitly has an 'any' type.
server/converter.ts(258,35): error TS7006: Parameter 'baseName' implicitly has an 'any' type.
server/converter.ts(264,22): error TS7006: Parameter 'pdfPath' implicitly has an 'any' type.
server/converter.ts(264,31): error TS7006: Parameter 'baseName' implicitly has an 'any' type.
server/converter.ts(271,33): error TS2339: Property 'openai' does not exist on type 'DocumentConverter'.
server/converter.ts(277,32): error TS2339: Property 'convertedDir' does not exist on type 'DocumentConverter'.
server/converter.ts(283,25): error TS7006: Parameter 'pdfPath' implicitly has an 'any' type.
server/converter.ts(290,33): error TS2339: Property 'openai' does not exist on type 'DocumentConverter'.
server/index.ts(11,9): error TS2339: Property 'rawBody' does not exist on type 'IncomingMessage'.
server/index.ts(50,14): error TS7006: Parameter 'err' implicitly has an 'any' type.
server/index.ts(50,19): error TS7006: Parameter '_req' implicitly has an 'any' type.
server/index.ts(50,25): error TS7006: Parameter 'res' implicitly has an 'any' type.
server/index.ts(50,30): error TS7006: Parameter '_next' implicitly has an 'any' type.
server/routes.ts(48,31): error TS7006: Parameter 'app' implicitly has an 'any' type.
server/routes.ts(49,57): error TS7006: Parameter 'req' implicitly has an 'any' type.
server/routes.ts(49,62): error TS7006: Parameter 'res' implicitly has an 'any' type.
server/routes.ts(78,35): error TS7006: Parameter 'req' implicitly has an 'any' type.
server/routes.ts(78,40): error TS7006: Parameter 'res' implicitly has an 'any' type.
server/routes.ts(97,42): error TS2554: Expected 4 arguments, but got 3.
server/routes.ts(114,42): error TS7006: Parameter 'req' implicitly has an 'any' type.
server/routes.ts(114,47): error TS7006: Parameter 'res' implicitly has an 'any' type.
server/routes.ts(127,53): error TS7006: Parameter 'err' implicitly has an 'any' type.
server/routes.ts(146,37): error TS7006: Parameter 'req' implicitly has an 'any' type.
server/routes.ts(146,42): error TS7006: Parameter 'res' implicitly has an 'any' type.
server/storage.ts(6,10): error TS2551: Property 'conversionJobs' does not exist on type 'MemStorage'. Did you mean 'getConversionJob'?
server/storage.ts(9,26): error TS7006: Parameter 'id' implicitly has an 'any' type.
server/storage.ts(10,17): error TS2551: Property 'conversionJobs' does not exist on type 'MemStorage'. Did you mean 'getConversionJob'?
server/storage.ts(13,29): error TS7006: Parameter 'insertJob' implicitly has an 'any' type.
server/storage.ts(26,10): error TS2551: Property 'conversionJobs' does not exist on type 'MemStorage'. Did you mean 'getConversionJob'?
server/storage.ts(30,29): error TS7006: Parameter 'id' implicitly has an 'any' type.
server/storage.ts(30,33): error TS7006: Parameter 'updates' implicitly has an 'any' type.
server/storage.ts(31,22): error TS2551: Property 'conversionJobs' does not exist on type 'MemStorage'. Did you mean 'getConversionJob'?
server/storage.ts(34,10): error TS2551: Property 'conversionJobs' does not exist on type 'MemStorage'. Did you mean 'getConversionJob'?
server/storage.ts(38,29): error TS7006: Parameter 'id' implicitly has an 'any' type.
server/storage.ts(39,10): error TS2551: Property 'conversionJobs' does not exist on type 'MemStorage'. Did you mean 'getConversionJob'?
